// Jest Snapshot v1, https://goo.gl/fbAQLP

exports[`Header test should match the Header snapshot 1`] = `
<View
  style={
    Object {
      "alignItems": "center",
      "backgroundColor": "#f8f8f8",
      "borderBottomColor": "#d8d8d8",
      "borderBottomWidth": 1,
      "flexDirection": "row",
      "height": 44,
      "paddingHorizontal": 20,
    }
  }
>
  <View
    accessible={true}
    collapsable={false}
    focusable={true}
    onClick={[Function]}
    onResponderGrant={[Function]}
    onResponderMove={[Function]}
    onResponderRelease={[Function]}
    onResponderTerminate={[Function]}
    onResponderTerminationRequest={[Function]}
    onStartShouldSetResponder={[Function]}
    style={
      Object {
        "opacity": 1,
      }
    }
  >
    <Text
      style={
        Object {
          "color": "#007aff",
          "fontSize": 18,
          "fontWeight": "400",
        }
      }
    >
      Cancel
    </Text>
  </View>
  <View
    style={
      Object {
        "alignItems": "center",
        "flexDirection": "row",
        "marginLeft": 10,
      }
    }
  >
    <Image
      resizeMode="contain"
      source={
        Object {
          "default": "",
        }
      }
      style={
        Object {
          "height": 12,
          "width": 12,
        }
      }
    />
    <Text
      style={
        Object {
          "fontSize": 15,
          "fontWeight": "bold",
          "marginLeft": 5,
        }
      }
    >
      https://login.microsoftonline.com
    </Text>
  </View>
</View>
`;
